producer_class	xtools.gsea.GseaPreranked
producer_timestamp	1772996965879
param	rpt_label	GvHD_Pathways
param	rnd_seed	timestamp
param	set_min	15
param	zip_report	false
param	create_svgs	false
param	scoring_scheme	weighted
param	rnk	/home/rstudio/projects/A2/./a2_results/GvHD_A2_Ranks.rnk
param	norm	meandiv
param	out	/home/rstudio/projects/A2/./a2_results
param	mode	Max_probe
param	include_only_symbols	true
param	help	false
param	set_max	200
param	gmx	/home/rstudio/projects/A2/data/raw/Human_GOBP_AllPathways_noPFOCR_no_GO_iea_March_02_2026_symbol.gmt
param	make_sets	true
param	plot_top_x	20
param	gui	false
param	nperm	1000
param	collapse	No_Collapse

file	./a2_results/GvHD_Pathways.GseaPreranked.1772996965879/index.html
